// Jest Snapshot v1, https://goo.gl/fbAQLP

exports[`About matches the snapshot 1`] = `
<Component>
  <Video />
  <div
    className="row process-wrap"
  >
    <div
      className="process"
    >
      <div
        className="process__steps block-1-2 block-tab-full group"
      >
        <Step
          body="ORCAS is a newly established nonprofit organization based in Oxnard, California"
          header="Background"
          key="0"
          left={true}
        />
        <Step
          body="ORCAS was formed to address the aging individuals within the community who are seeking access to a newer and safer community senior center."
          header="Purpose"
          key="1"
          right={true}
        />
        <Step
          body="After establishing a relationship with the senior members of the surrounding communities and understanding the concerns associated with the existing facilities, ORCAS gathered experienced members of the community from a variety of occupational backgrounds to address the growing concern."
          header="Relationships"
          key="2"
          left={true}
        />
        <Step
          body="ORCAS’ goal is to create a new senior facility that can meet the standard of the deserving seniors of the surrounding areas."
          header="Goal and Community"
          key="3"
          right={true}
        />
      </div>
    </div>
  </div>
</Component>
`;
