// Jest Snapshot v1, https://goo.gl/fbAQLP

exports[`About matches the snapshot 1`] = `
<Component>
  <Video />
  <div
    className="row process-wrap"
  >
    <div
      className="process"
    >
      <div
        className="process__steps block-1-2 block-tab-full group"
      >
        <Step
          body="Sed ut perspiciatis unde omnis iste natus error sit voluptatem accusantium doloremque laudantium, totam"
          header="An Emphasis on Community"
          key="0"
          left={true}
        />
        <Step
          body="Sed ut perspiciatis unde omnis iste natus error sit voluptatem accusantium doloremque laudantium, totam"
          header="An Emphasis on Community"
          key="1"
          right={true}
        />
        <Step
          body="Sed ut perspiciatis unde omnis iste natus error sit voluptatem accusantium doloremque laudantium, totam"
          header="As a group"
          key="2"
          left={true}
        />
        <Step
          body="Sed ut perspiciatis unde omnis iste natus error sit voluptatem accusantium doloremque laudantium, totam
    rem aperiam, eaque ipsa quae ab illo inventore veritatis et quasi architecto beatae vitae dicta sunt
    explicabo."
          header="With our Mission"
          key="3"
          right={true}
        />
      </div>
    </div>
  </div>
</Component>
`;
