// Jest Snapshot v1, https://goo.gl/fbAQLP

exports[`Landing matches the snapshot 1`] = `
<section
  className="s-home target-section"
  id="home"
>
  <div
    className="shadow-overlay"
  />
  <Reveal
    bottom={true}
    count={1}
    countOut={1}
    delay={0}
    delayOut={0}
    duration={1000}
    durationOut={1000}
    fraction={0.5}
    inEffect={
      Object {
        "count": 1,
        "delay": 0,
        "duration": 1000,
        "forever": undefined,
        "make": [Function],
        "reverse": undefined,
        "style": Object {
          "animationFillMode": "both",
        },
      }
    }
    outEffect={
      Object {
        "count": 1,
        "delay": 0,
        "duration": 1000,
        "forever": undefined,
        "make": [Function],
        "reverse": undefined,
        "style": Object {
          "animationFillMode": "both",
        },
      }
    }
  >
    <div
      className="home-content"
    >
      <div
        className="row home-content__main"
      >
        <div
          className="home-content__left"
        >
          <h1>
            The Future of Oxnard's Senior Center 
            <br />
            is Bright.
          </h1>
          <h3>
            Voluptatem ipsa quae ab illo inventore veritatis et quasi architecto beatae vitae dicta sunt explica. Nemo enim ipsam voluptatem quia. Ut quis enim.
          </h3>
        </div>
        <div
          className="home-content__right"
        >
          <img
            src="beach.jpg"
          />
        </div>
      </div>
      <ul
        className="home-content__social"
      >
        <li>
          <a
            href="#0"
          >
            Facebook
          </a>
        </li>
        <li>
          <a
            href="#0"
          >
            twitter
          </a>
        </li>
        <li>
          <a
            href="#0"
          >
            Instagram
          </a>
        </li>
      </ul>
    </div>
  </Reveal>
  <Link
    className="home-scroll smoothscroll"
    duration={500}
    offset={-70}
    smooth={true}
    spy={true}
    title="Back to Top"
    to="mission"
  >
    <span
      className="home-scroll__text"
    >
      Scroll
    </span>
    <span
      className="home-scroll__icon"
    />
  </Link>
</section>
`;
