// Jest Snapshot v1, https://goo.gl/fbAQLP

exports[`Mission matches the snapshot 1`] = `
<Reveal
  count={1}
  countOut={1}
  delay={0}
  delayOut={0}
  duration={1000}
  durationOut={1000}
  inEffect={
    Object {
      "count": 1,
      "delay": 0,
      "duration": 1000,
      "forever": undefined,
      "make": [Function],
      "reverse": undefined,
      "style": Object {
        "animationFillMode": "both",
      },
    }
  }
  outEffect={
    Object {
      "count": 1,
      "delay": 0,
      "duration": 1000,
      "forever": undefined,
      "make": [Function],
      "reverse": undefined,
      "style": Object {
        "animationFillMode": "both",
      },
    }
  }
>
  <Component
    headingStyle={
      Object {
        "fontSize": "7.8rem",
      }
    }
    subHeadingStyle={
      Object {
        "fontSize": "4rem",
      }
    }
  />
</Reveal>
`;
