// Jest Snapshot v1, https://goo.gl/fbAQLP

exports[`Video should match the screenshot 1`] = `
<div
  className="row video-bg"
>
  <div
    className="shadow-overlay"
  />
  <Link
    className="btn-video"
    to={
      Object {
        "pathname": "/path",
        "state": Object {
          "modal": true,
        },
      }
    }
  >
    <span
      className="video-icon"
    />
  </Link>
  <div
    className="stats"
  >
    <div
      className="item-stats"
    >
      <span
        className="item-stats__num"
      >
        Oxnard
      </span>
      <span
        className="item-stats__title"
      >
        A brief description of oxnard video
      </span>
    </div>
    <div
      className="item-stats"
    >
      <span
        className="item-stats__num"
      >
        24K
      </span>
      <span
        className="item-stats__title"
      >
        Views
      </span>
    </div>
  </div>
</div>
`;
