// Jest Snapshot v1, https://goo.gl/fbAQLP

exports[`Carousel should match the snapshot 1`] = `
<div
  className="row meet slick-slider"
>
  <BindKeyboard
    enableMouseEvents={true}
    index={0}
    onChangeIndex={[Function]}
    resistance={true}
    slideClassName="senior-card"
  >
    child
  </BindKeyboard>
  <PrevPage
    onClick={[Function]}
  />
  <NextPage
    onClick={[Function]}
  />
  <Pagination
    index={0}
    onChangeIndex={[Function]}
    total={1}
  />
</div>
`;
