// Jest Snapshot v1, https://goo.gl/fbAQLP

exports[`Carousel should match the snapshot 1`] = `
<Carousel>
  <div
    className="row meet slick-slider"
  >
    <BindKeyboard
      enableMouseEvents={true}
      index={0}
      onChangeIndex={[Function]}
      resistance={true}
      slideClassName="senior-card"
    >
      <EventListener
        onKeyDown={[Function]}
        target="window"
      >
        <ReactSwipableView
          animateHeight={false}
          animateTransitions={true}
          axis="x"
          disableLazyLoading={false}
          disabled={false}
          enableMouseEvents={true}
          hysteresis={0.6}
          ignoreNativeScroll={false}
          index={0}
          onChangeIndex={[Function]}
          resistance={true}
          slideClassName="senior-card"
          springConfig={
            Object {
              "delay": "0s",
              "duration": "0.35s",
              "easeFunction": "cubic-bezier(0.15, 0.3, 0.25, 1)",
            }
          }
          threshold={5}
        >
          <div
            onMouseDown={[Function]}
            onMouseLeave={[Function]}
            onMouseMove={[Function]}
            onMouseUp={[Function]}
            onScroll={[Function]}
            onTouchEnd={[Function]}
            onTouchStart={[Function]}
            style={
              Object {
                "overflowX": "hidden",
              }
            }
          >
            <div
              className="react-swipeable-view-container"
              style={
                Object {
                  "WebkitFlexDirection": "row",
                  "WebkitTransition": "all 0s ease 0s",
                  "direction": "ltr",
                  "display": "flex",
                  "flexDirection": "row",
                  "height": null,
                  "transition": "all 0s ease 0s",
                  "willChange": "transform",
                }
              }
            >
              <div
                aria-hidden={false}
                className="senior-card"
                data-swipeable="true"
                key=".$0"
                style={
                  Object {
                    "WebkitFlexShrink": 0,
                    "flexShrink": 0,
                    "overflow": "auto",
                    "width": "100%",
                  }
                }
              >
                <div
                  key="0"
                />
              </div>
            </div>
          </div>
        </ReactSwipableView>
      </EventListener>
    </BindKeyboard>
    <PrevPage
      onClick={[Function]}
    >
      <a
        className="prev"
        onClick={[Function]}
      >
        ❮
      </a>
    </PrevPage>
    <NextPage
      onClick={[Function]}
    >
      <a
        className="next"
        onClick={[Function]}
      >
        ❯
      </a>
    </NextPage>
    <Pagination
      index={0}
      onChangeIndex={[Function]}
      total={1}
    >
      <ul
        className="slick-dots"
      >
        <li
          className="slick-active"
          id="slick-slide10"
          key="0"
          onClick={[Function]}
        >
          <button>
            0
          </button>
        </li>
      </ul>
    </Pagination>
  </div>
</Carousel>
`;
