// Jest Snapshot v1, https://goo.gl/fbAQLP

exports[`Newsletter should match the snapshot 1`] = `
<div
  className="subscribe-form"
>
  <Formik
    enableReinitialize={false}
    initialValues={
      Object {
        "email_address": "",
      }
    }
    isInitialValid={false}
    onSubmit={[Function]}
    validate={[Function]}
    validateOnBlur={true}
    validateOnChange={true}
  >
    <Component />
  </Formik>
  <ToastContainer
    autoClose={5000}
    bodyClassName={null}
    className={null}
    closeButton={
      <CloseButton
        ariaLabel="close"
      />
    }
    closeOnClick={true}
    draggable={true}
    draggablePercent={80}
    hideProgressBar={false}
    newestOnTop={false}
    pauseOnFocusLoss={true}
    pauseOnHover={true}
    position="top-right"
    progressClassName={null}
    progressStyle={null}
    rtl={false}
    style={null}
    toastClassName={null}
    transition={[Function]}
  />
</div>
`;
