// Jest Snapshot v1, https://goo.gl/fbAQLP

exports[`Subscribe should match the snapshot 1`] = `
<Formik
  displayName="SubscribeForm"
  enableReinitialize={false}
  handleSubmit={[Function]}
  initialValues={
    Object {
      "email": "",
    }
  }
  isInitialValid={false}
  onSubmit={[Function]}
  render={[Function]}
  validate={[Function]}
  validateOnBlur={true}
  validateOnChange={true}
/>
`;
